// Jest Snapshot v1, https://goo.gl/fbAQLP

exports[`Datagrid component renders Datagrid component unchanged 1`] = `
{
  "asFragment": [Function],
  "baseElement": <body>
    <div>
      <div>
        <h2
          class="bold text-2xl"
        >
          Filtros
        </h2>
        <div
          class="flex flex-col items-center gap-4 py-4 md:flex-row"
        >
          <div
            class="max-w-3x flex w-full flex-col py-2 md:max-w-3xs"
          >
            <label
              class="text-xs"
              for="id"
            >
              Por ID
            </label>
            <input
              class="file:text-foreground placeholder:text-muted-foreground selection:bg-primary selection:text-primary-foreground dark:bg-input/30 border-input flex h-9 w-full min-w-0 rounded-md border bg-transparent px-3 py-1 text-base shadow-xs transition-[color,box-shadow] outline-none file:inline-flex file:h-7 file:border-0 file:bg-transparent file:text-sm file:font-medium disabled:pointer-events-none disabled:cursor-not-allowed disabled:opacity-50 md:text-sm focus-visible:border-ring focus-visible:ring-ring/50 focus-visible:ring-[3px] aria-invalid:ring-destructive/20 dark:aria-invalid:ring-destructive/40 aria-invalid:border-destructive max-w-full"
              data-slot="input"
              name="id"
              placeholder="Digite um ID"
              value=""
            />
          </div>
          <div
            class="flex w-full flex-col py-2 md:max-w-3xs"
          >
            <label
              class="text-xs"
              for="asset"
            >
              Por ação
            </label>
            <input
              class="file:text-foreground placeholder:text-muted-foreground selection:bg-primary selection:text-primary-foreground dark:bg-input/30 border-input flex h-9 w-full min-w-0 rounded-md border bg-transparent px-3 py-1 text-base shadow-xs transition-[color,box-shadow] outline-none file:inline-flex file:h-7 file:border-0 file:bg-transparent file:text-sm file:font-medium disabled:pointer-events-none disabled:cursor-not-allowed disabled:opacity-50 md:text-sm focus-visible:border-ring focus-visible:ring-ring/50 focus-visible:ring-[3px] aria-invalid:ring-destructive/20 dark:aria-invalid:ring-destructive/40 aria-invalid:border-destructive max-w-full md:max-w-3xs"
              data-slot="input"
              name="asset"
              placeholder="Digite uma ação"
              value=""
            />
          </div>
          <div
            class="flex w-full flex-col py-2 md:max-w-3xs"
          >
            <label
              class="text-xs"
              for="status"
            >
              Por status
            </label>
            <input
              class="file:text-foreground placeholder:text-muted-foreground selection:bg-primary selection:text-primary-foreground dark:bg-input/30 border-input flex h-9 w-full min-w-0 rounded-md border bg-transparent px-3 py-1 text-base shadow-xs transition-[color,box-shadow] outline-none file:inline-flex file:h-7 file:border-0 file:bg-transparent file:text-sm file:font-medium disabled:pointer-events-none disabled:cursor-not-allowed disabled:opacity-50 md:text-sm focus-visible:border-ring focus-visible:ring-ring/50 focus-visible:ring-[3px] aria-invalid:ring-destructive/20 dark:aria-invalid:ring-destructive/40 aria-invalid:border-destructive max-w-full md:max-w-3xs"
              data-slot="input"
              name="status"
              placeholder="Digite um status"
              value=""
            />
          </div>
          <div
            class="flex w-full flex-col py-2 md:max-w-3xs"
          >
            <label
              class="text-xs"
              for="date"
            >
              Por data
            </label>
            <input
              class="file:text-foreground placeholder:text-muted-foreground selection:bg-primary selection:text-primary-foreground dark:bg-input/30 border-input flex h-9 w-full min-w-0 rounded-md border bg-transparent px-3 py-1 text-base shadow-xs transition-[color,box-shadow] outline-none file:inline-flex file:h-7 file:border-0 file:bg-transparent file:text-sm file:font-medium disabled:pointer-events-none disabled:cursor-not-allowed disabled:opacity-50 md:text-sm focus-visible:border-ring focus-visible:ring-ring/50 focus-visible:ring-[3px] aria-invalid:ring-destructive/20 dark:aria-invalid:ring-destructive/40 aria-invalid:border-destructive max-w-full md:max-w-3xs"
              data-slot="input"
              name="asset"
              placeholder="Digite uma data"
              value=""
            />
          </div>
          <div
            class="flex w-full flex-col py-2 md:max-w-3xs"
          >
            <label
              class="text-xs"
              for="side"
            >
              Por operação
            </label>
            <input
              class="file:text-foreground placeholder:text-muted-foreground selection:bg-primary selection:text-primary-foreground dark:bg-input/30 border-input flex h-9 w-full min-w-0 rounded-md border bg-transparent px-3 py-1 text-base shadow-xs transition-[color,box-shadow] outline-none file:inline-flex file:h-7 file:border-0 file:bg-transparent file:text-sm file:font-medium disabled:pointer-events-none disabled:cursor-not-allowed disabled:opacity-50 md:text-sm focus-visible:border-ring focus-visible:ring-ring/50 focus-visible:ring-[3px] aria-invalid:ring-destructive/20 dark:aria-invalid:ring-destructive/40 aria-invalid:border-destructive max-w-full md:max-w-3xs"
              data-slot="input"
              name="side"
              placeholder="Digite uma operação"
              value=""
            />
          </div>
        </div>
        <h2
          class="bold mb-4 text-2xl"
        >
          Tabela de operações
        </h2>
        <div
          class="text-muted-foreground flex-1 text-sm"
        >
          Selecione uma operação clicando em cima da linha desejada.
        </div>
        <div
          class="rounded-md border"
        >
          <div
            class="relative w-full overflow-x-auto"
            data-slot="table-container"
          >
            <table
              class="w-full caption-bottom text-sm"
              data-slot="table"
            >
              <thead
                class="[&_tr]:border-b"
                data-slot="table-header"
              >
                <tr
                  class="hover:bg-muted/50 data-[state=selected]:bg-muted border-b transition-colors"
                  data-slot="table-row"
                >
                  <th
                    class="text-foreground h-10 px-2 text-left align-middle font-medium whitespace-nowrap [&:has([role=checkbox])]:pr-0 [&>[role=checkbox]]:translate-y-[2px]"
                    data-slot="table-head"
                  >
                    ID
                  </th>
                  <th
                    class="text-foreground h-10 px-2 text-left align-middle font-medium whitespace-nowrap [&:has([role=checkbox])]:pr-0 [&>[role=checkbox]]:translate-y-[2px]"
                    data-slot="table-head"
                  >
                    Ação
                  </th>
                  <th
                    class="text-foreground h-10 px-2 text-left align-middle font-medium whitespace-nowrap [&:has([role=checkbox])]:pr-0 [&>[role=checkbox]]:translate-y-[2px]"
                    data-slot="table-head"
                  >
                    Operação
                  </th>
                  <th
                    class="text-foreground h-10 px-2 text-left align-middle font-medium whitespace-nowrap [&:has([role=checkbox])]:pr-0 [&>[role=checkbox]]:translate-y-[2px]"
                    data-slot="table-head"
                  >
                    Preço
                  </th>
                  <th
                    class="text-foreground h-10 px-2 text-left align-middle font-medium whitespace-nowrap [&:has([role=checkbox])]:pr-0 [&>[role=checkbox]]:translate-y-[2px]"
                    data-slot="table-head"
                  >
                    Quantidade
                  </th>
                  <th
                    class="text-foreground h-10 px-2 text-left align-middle font-medium whitespace-nowrap [&:has([role=checkbox])]:pr-0 [&>[role=checkbox]]:translate-y-[2px]"
                    data-slot="table-head"
                  >
                    Restante
                  </th>
                  <th
                    class="text-foreground h-10 px-2 text-left align-middle font-medium whitespace-nowrap [&:has([role=checkbox])]:pr-0 [&>[role=checkbox]]:translate-y-[2px]"
                    data-slot="table-head"
                  >
                    Status
                  </th>
                  <th
                    class="text-foreground h-10 px-2 text-left align-middle font-medium whitespace-nowrap [&:has([role=checkbox])]:pr-0 [&>[role=checkbox]]:translate-y-[2px]"
                    data-slot="table-head"
                  >
                    Data/Hora
                  </th>
                </tr>
              </thead>
              <tbody
                class="[&_tr:last-child]:border-0"
                data-slot="table-body"
              >
                <tr
                  class="data-[state=selected]:bg-muted border-b transition-colors cursor-pointer hover:bg-slate-800 hover:text-white"
                  data-slot="table-row"
                  data-state="false"
                >
                  <td
                    class="p-2 align-middle whitespace-nowrap [&:has([role=checkbox])]:pr-0 [&>[role=checkbox]]:translate-y-[2px] text-oklab"
                    data-slot="table-cell"
                  >
                    ORD-1
                  </td>
                  <td
                    class="p-2 align-middle whitespace-nowrap [&:has([role=checkbox])]:pr-0 [&>[role=checkbox]]:translate-y-[2px] text-oklab"
                    data-slot="table-cell"
                  >
                    PETR4
                  </td>
                  <td
                    class="p-2 align-middle whitespace-nowrap [&:has([role=checkbox])]:pr-0 [&>[role=checkbox]]:translate-y-[2px] text-oklab"
                    data-slot="table-cell"
                  >
                    Compra
                  </td>
                  <td
                    class="p-2 align-middle whitespace-nowrap [&:has([role=checkbox])]:pr-0 [&>[role=checkbox]]:translate-y-[2px] text-oklab"
                    data-slot="table-cell"
                  >
                    28,45
                  </td>
                  <td
                    class="p-2 align-middle whitespace-nowrap [&:has([role=checkbox])]:pr-0 [&>[role=checkbox]]:translate-y-[2px] text-oklab"
                    data-slot="table-cell"
                  >
                    100
                  </td>
                  <td
                    class="p-2 align-middle whitespace-nowrap [&:has([role=checkbox])]:pr-0 [&>[role=checkbox]]:translate-y-[2px] text-oklab"
                    data-slot="table-cell"
                  >
                    100
                  </td>
                  <td
                    class="p-2 align-middle whitespace-nowrap [&:has([role=checkbox])]:pr-0 [&>[role=checkbox]]:translate-y-[2px] text-oklab"
                    data-slot="table-cell"
                  >
                    Aberta
                  </td>
                  <td
                    class="p-2 align-middle whitespace-nowrap [&:has([role=checkbox])]:pr-0 [&>[role=checkbox]]:translate-y-[2px] text-oklab"
                    data-slot="table-cell"
                  >
                    24/04/2025, 09:15:32
                  </td>
                </tr>
              </tbody>
            </table>
          </div>
        </div>
        <div
          class="flex items-center justify-end space-x-2 py-4"
        >
          <button
            class="inline-flex items-center justify-center whitespace-nowrap text-sm font-medium transition-all disabled:pointer-events-none disabled:opacity-50 [&_svg]:pointer-events-none [&_svg:not([class*='size-'])]:size-4 shrink-0 [&_svg]:shrink-0 outline-none focus-visible:border-ring focus-visible:ring-ring/50 focus-visible:ring-[3px] aria-invalid:ring-destructive/20 dark:aria-invalid:ring-destructive/40 aria-invalid:border-destructive border bg-background shadow-xs hover:bg-accent hover:text-accent-foreground dark:bg-input/30 dark:border-input dark:hover:bg-input/50 h-8 rounded-md gap-1.5 px-3 has-[>svg]:px-2.5"
            data-slot="button"
            disabled=""
          >
            Anterior
          </button>
          <button
            class="inline-flex items-center justify-center whitespace-nowrap text-sm font-medium transition-all disabled:pointer-events-none disabled:opacity-50 [&_svg]:pointer-events-none [&_svg:not([class*='size-'])]:size-4 shrink-0 [&_svg]:shrink-0 outline-none focus-visible:border-ring focus-visible:ring-ring/50 focus-visible:ring-[3px] aria-invalid:ring-destructive/20 dark:aria-invalid:ring-destructive/40 aria-invalid:border-destructive border bg-background shadow-xs hover:bg-accent hover:text-accent-foreground dark:bg-input/30 dark:border-input dark:hover:bg-input/50 h-8 rounded-md gap-1.5 px-3 has-[>svg]:px-2.5"
            data-slot="button"
            disabled=""
          >
            Próxima
          </button>
        </div>
      </div>
    </div>
  </body>,
  "container": <div>
    <div>
      <h2
        class="bold text-2xl"
      >
        Filtros
      </h2>
      <div
        class="flex flex-col items-center gap-4 py-4 md:flex-row"
      >
        <div
          class="max-w-3x flex w-full flex-col py-2 md:max-w-3xs"
        >
          <label
            class="text-xs"
            for="id"
          >
            Por ID
          </label>
          <input
            class="file:text-foreground placeholder:text-muted-foreground selection:bg-primary selection:text-primary-foreground dark:bg-input/30 border-input flex h-9 w-full min-w-0 rounded-md border bg-transparent px-3 py-1 text-base shadow-xs transition-[color,box-shadow] outline-none file:inline-flex file:h-7 file:border-0 file:bg-transparent file:text-sm file:font-medium disabled:pointer-events-none disabled:cursor-not-allowed disabled:opacity-50 md:text-sm focus-visible:border-ring focus-visible:ring-ring/50 focus-visible:ring-[3px] aria-invalid:ring-destructive/20 dark:aria-invalid:ring-destructive/40 aria-invalid:border-destructive max-w-full"
            data-slot="input"
            name="id"
            placeholder="Digite um ID"
            value=""
          />
        </div>
        <div
          class="flex w-full flex-col py-2 md:max-w-3xs"
        >
          <label
            class="text-xs"
            for="asset"
          >
            Por ação
          </label>
          <input
            class="file:text-foreground placeholder:text-muted-foreground selection:bg-primary selection:text-primary-foreground dark:bg-input/30 border-input flex h-9 w-full min-w-0 rounded-md border bg-transparent px-3 py-1 text-base shadow-xs transition-[color,box-shadow] outline-none file:inline-flex file:h-7 file:border-0 file:bg-transparent file:text-sm file:font-medium disabled:pointer-events-none disabled:cursor-not-allowed disabled:opacity-50 md:text-sm focus-visible:border-ring focus-visible:ring-ring/50 focus-visible:ring-[3px] aria-invalid:ring-destructive/20 dark:aria-invalid:ring-destructive/40 aria-invalid:border-destructive max-w-full md:max-w-3xs"
            data-slot="input"
            name="asset"
            placeholder="Digite uma ação"
            value=""
          />
        </div>
        <div
          class="flex w-full flex-col py-2 md:max-w-3xs"
        >
          <label
            class="text-xs"
            for="status"
          >
            Por status
          </label>
          <input
            class="file:text-foreground placeholder:text-muted-foreground selection:bg-primary selection:text-primary-foreground dark:bg-input/30 border-input flex h-9 w-full min-w-0 rounded-md border bg-transparent px-3 py-1 text-base shadow-xs transition-[color,box-shadow] outline-none file:inline-flex file:h-7 file:border-0 file:bg-transparent file:text-sm file:font-medium disabled:pointer-events-none disabled:cursor-not-allowed disabled:opacity-50 md:text-sm focus-visible:border-ring focus-visible:ring-ring/50 focus-visible:ring-[3px] aria-invalid:ring-destructive/20 dark:aria-invalid:ring-destructive/40 aria-invalid:border-destructive max-w-full md:max-w-3xs"
            data-slot="input"
            name="status"
            placeholder="Digite um status"
            value=""
          />
        </div>
        <div
          class="flex w-full flex-col py-2 md:max-w-3xs"
        >
          <label
            class="text-xs"
            for="date"
          >
            Por data
          </label>
          <input
            class="file:text-foreground placeholder:text-muted-foreground selection:bg-primary selection:text-primary-foreground dark:bg-input/30 border-input flex h-9 w-full min-w-0 rounded-md border bg-transparent px-3 py-1 text-base shadow-xs transition-[color,box-shadow] outline-none file:inline-flex file:h-7 file:border-0 file:bg-transparent file:text-sm file:font-medium disabled:pointer-events-none disabled:cursor-not-allowed disabled:opacity-50 md:text-sm focus-visible:border-ring focus-visible:ring-ring/50 focus-visible:ring-[3px] aria-invalid:ring-destructive/20 dark:aria-invalid:ring-destructive/40 aria-invalid:border-destructive max-w-full md:max-w-3xs"
            data-slot="input"
            name="asset"
            placeholder="Digite uma data"
            value=""
          />
        </div>
        <div
          class="flex w-full flex-col py-2 md:max-w-3xs"
        >
          <label
            class="text-xs"
            for="side"
          >
            Por operação
          </label>
          <input
            class="file:text-foreground placeholder:text-muted-foreground selection:bg-primary selection:text-primary-foreground dark:bg-input/30 border-input flex h-9 w-full min-w-0 rounded-md border bg-transparent px-3 py-1 text-base shadow-xs transition-[color,box-shadow] outline-none file:inline-flex file:h-7 file:border-0 file:bg-transparent file:text-sm file:font-medium disabled:pointer-events-none disabled:cursor-not-allowed disabled:opacity-50 md:text-sm focus-visible:border-ring focus-visible:ring-ring/50 focus-visible:ring-[3px] aria-invalid:ring-destructive/20 dark:aria-invalid:ring-destructive/40 aria-invalid:border-destructive max-w-full md:max-w-3xs"
            data-slot="input"
            name="side"
            placeholder="Digite uma operação"
            value=""
          />
        </div>
      </div>
      <h2
        class="bold mb-4 text-2xl"
      >
        Tabela de operações
      </h2>
      <div
        class="text-muted-foreground flex-1 text-sm"
      >
        Selecione uma operação clicando em cima da linha desejada.
      </div>
      <div
        class="rounded-md border"
      >
        <div
          class="relative w-full overflow-x-auto"
          data-slot="table-container"
        >
          <table
            class="w-full caption-bottom text-sm"
            data-slot="table"
          >
            <thead
              class="[&_tr]:border-b"
              data-slot="table-header"
            >
              <tr
                class="hover:bg-muted/50 data-[state=selected]:bg-muted border-b transition-colors"
                data-slot="table-row"
              >
                <th
                  class="text-foreground h-10 px-2 text-left align-middle font-medium whitespace-nowrap [&:has([role=checkbox])]:pr-0 [&>[role=checkbox]]:translate-y-[2px]"
                  data-slot="table-head"
                >
                  ID
                </th>
                <th
                  class="text-foreground h-10 px-2 text-left align-middle font-medium whitespace-nowrap [&:has([role=checkbox])]:pr-0 [&>[role=checkbox]]:translate-y-[2px]"
                  data-slot="table-head"
                >
                  Ação
                </th>
                <th
                  class="text-foreground h-10 px-2 text-left align-middle font-medium whitespace-nowrap [&:has([role=checkbox])]:pr-0 [&>[role=checkbox]]:translate-y-[2px]"
                  data-slot="table-head"
                >
                  Operação
                </th>
                <th
                  class="text-foreground h-10 px-2 text-left align-middle font-medium whitespace-nowrap [&:has([role=checkbox])]:pr-0 [&>[role=checkbox]]:translate-y-[2px]"
                  data-slot="table-head"
                >
                  Preço
                </th>
                <th
                  class="text-foreground h-10 px-2 text-left align-middle font-medium whitespace-nowrap [&:has([role=checkbox])]:pr-0 [&>[role=checkbox]]:translate-y-[2px]"
                  data-slot="table-head"
                >
                  Quantidade
                </th>
                <th
                  class="text-foreground h-10 px-2 text-left align-middle font-medium whitespace-nowrap [&:has([role=checkbox])]:pr-0 [&>[role=checkbox]]:translate-y-[2px]"
                  data-slot="table-head"
                >
                  Restante
                </th>
                <th
                  class="text-foreground h-10 px-2 text-left align-middle font-medium whitespace-nowrap [&:has([role=checkbox])]:pr-0 [&>[role=checkbox]]:translate-y-[2px]"
                  data-slot="table-head"
                >
                  Status
                </th>
                <th
                  class="text-foreground h-10 px-2 text-left align-middle font-medium whitespace-nowrap [&:has([role=checkbox])]:pr-0 [&>[role=checkbox]]:translate-y-[2px]"
                  data-slot="table-head"
                >
                  Data/Hora
                </th>
              </tr>
            </thead>
            <tbody
              class="[&_tr:last-child]:border-0"
              data-slot="table-body"
            >
              <tr
                class="data-[state=selected]:bg-muted border-b transition-colors cursor-pointer hover:bg-slate-800 hover:text-white"
                data-slot="table-row"
                data-state="false"
              >
                <td
                  class="p-2 align-middle whitespace-nowrap [&:has([role=checkbox])]:pr-0 [&>[role=checkbox]]:translate-y-[2px] text-oklab"
                  data-slot="table-cell"
                >
                  ORD-1
                </td>
                <td
                  class="p-2 align-middle whitespace-nowrap [&:has([role=checkbox])]:pr-0 [&>[role=checkbox]]:translate-y-[2px] text-oklab"
                  data-slot="table-cell"
                >
                  PETR4
                </td>
                <td
                  class="p-2 align-middle whitespace-nowrap [&:has([role=checkbox])]:pr-0 [&>[role=checkbox]]:translate-y-[2px] text-oklab"
                  data-slot="table-cell"
                >
                  Compra
                </td>
                <td
                  class="p-2 align-middle whitespace-nowrap [&:has([role=checkbox])]:pr-0 [&>[role=checkbox]]:translate-y-[2px] text-oklab"
                  data-slot="table-cell"
                >
                  28,45
                </td>
                <td
                  class="p-2 align-middle whitespace-nowrap [&:has([role=checkbox])]:pr-0 [&>[role=checkbox]]:translate-y-[2px] text-oklab"
                  data-slot="table-cell"
                >
                  100
                </td>
                <td
                  class="p-2 align-middle whitespace-nowrap [&:has([role=checkbox])]:pr-0 [&>[role=checkbox]]:translate-y-[2px] text-oklab"
                  data-slot="table-cell"
                >
                  100
                </td>
                <td
                  class="p-2 align-middle whitespace-nowrap [&:has([role=checkbox])]:pr-0 [&>[role=checkbox]]:translate-y-[2px] text-oklab"
                  data-slot="table-cell"
                >
                  Aberta
                </td>
                <td
                  class="p-2 align-middle whitespace-nowrap [&:has([role=checkbox])]:pr-0 [&>[role=checkbox]]:translate-y-[2px] text-oklab"
                  data-slot="table-cell"
                >
                  24/04/2025, 09:15:32
                </td>
              </tr>
            </tbody>
          </table>
        </div>
      </div>
      <div
        class="flex items-center justify-end space-x-2 py-4"
      >
        <button
          class="inline-flex items-center justify-center whitespace-nowrap text-sm font-medium transition-all disabled:pointer-events-none disabled:opacity-50 [&_svg]:pointer-events-none [&_svg:not([class*='size-'])]:size-4 shrink-0 [&_svg]:shrink-0 outline-none focus-visible:border-ring focus-visible:ring-ring/50 focus-visible:ring-[3px] aria-invalid:ring-destructive/20 dark:aria-invalid:ring-destructive/40 aria-invalid:border-destructive border bg-background shadow-xs hover:bg-accent hover:text-accent-foreground dark:bg-input/30 dark:border-input dark:hover:bg-input/50 h-8 rounded-md gap-1.5 px-3 has-[>svg]:px-2.5"
          data-slot="button"
          disabled=""
        >
          Anterior
        </button>
        <button
          class="inline-flex items-center justify-center whitespace-nowrap text-sm font-medium transition-all disabled:pointer-events-none disabled:opacity-50 [&_svg]:pointer-events-none [&_svg:not([class*='size-'])]:size-4 shrink-0 [&_svg]:shrink-0 outline-none focus-visible:border-ring focus-visible:ring-ring/50 focus-visible:ring-[3px] aria-invalid:ring-destructive/20 dark:aria-invalid:ring-destructive/40 aria-invalid:border-destructive border bg-background shadow-xs hover:bg-accent hover:text-accent-foreground dark:bg-input/30 dark:border-input dark:hover:bg-input/50 h-8 rounded-md gap-1.5 px-3 has-[>svg]:px-2.5"
          data-slot="button"
          disabled=""
        >
          Próxima
        </button>
      </div>
    </div>
  </div>,
  "debug": [Function],
  "findAllByAltText": [Function],
  "findAllByDisplayValue": [Function],
  "findAllByLabelText": [Function],
  "findAllByPlaceholderText": [Function],
  "findAllByRole": [Function],
  "findAllByTestId": [Function],
  "findAllByText": [Function],
  "findAllByTitle": [Function],
  "findByAltText": [Function],
  "findByDisplayValue": [Function],
  "findByLabelText": [Function],
  "findByPlaceholderText": [Function],
  "findByRole": [Function],
  "findByTestId": [Function],
  "findByText": [Function],
  "findByTitle": [Function],
  "getAllByAltText": [Function],
  "getAllByDisplayValue": [Function],
  "getAllByLabelText": [Function],
  "getAllByPlaceholderText": [Function],
  "getAllByRole": [Function],
  "getAllByTestId": [Function],
  "getAllByText": [Function],
  "getAllByTitle": [Function],
  "getByAltText": [Function],
  "getByDisplayValue": [Function],
  "getByLabelText": [Function],
  "getByPlaceholderText": [Function],
  "getByRole": [Function],
  "getByTestId": [Function],
  "getByText": [Function],
  "getByTitle": [Function],
  "queryAllByAltText": [Function],
  "queryAllByDisplayValue": [Function],
  "queryAllByLabelText": [Function],
  "queryAllByPlaceholderText": [Function],
  "queryAllByRole": [Function],
  "queryAllByTestId": [Function],
  "queryAllByText": [Function],
  "queryAllByTitle": [Function],
  "queryByAltText": [Function],
  "queryByDisplayValue": [Function],
  "queryByLabelText": [Function],
  "queryByPlaceholderText": [Function],
  "queryByRole": [Function],
  "queryByTestId": [Function],
  "queryByText": [Function],
  "queryByTitle": [Function],
  "rerender": [Function],
  "unmount": [Function],
}
`;
