// Jest Snapshot v1, https://goo.gl/fbAQLP

exports[`Header component renders Header component unchanged 1`] = `
{
  "asFragment": [Function],
  "baseElement": <body>
    <div>
      <header
        class="w-full bg-slate-800 px-4 py-3 text-white shadow-md"
      >
        <div
          class="mx-auto flex max-w-7xl items-center justify-between"
        >
          <h1
            class="text-xl font-semibold"
          >
            <a
              href="/"
            >
              Gerenciador de Ordens
            </a>
          </h1>
          <div
            class="flex gap-2"
          >
            <button
              class="inline-flex items-center justify-center gap-2 whitespace-nowrap rounded-md text-sm font-medium transition-all disabled:pointer-events-none disabled:opacity-50 [&_svg]:pointer-events-none [&_svg:not([class*='size-'])]:size-4 shrink-0 [&_svg]:shrink-0 outline-none focus-visible:border-ring focus-visible:ring-ring/50 focus-visible:ring-[3px] aria-invalid:ring-destructive/20 dark:aria-invalid:ring-destructive/40 aria-invalid:border-destructive shadow-xs h-9 px-4 py-2 has-[>svg]:px-3 bg-white text-slate-800 hover:bg-slate-100"
              data-slot="button"
            >
              <a
                href="/create-order"
              >
                Criar nova ordem
              </a>
            </button>
          </div>
        </div>
      </header>
    </div>
  </body>,
  "container": <div>
    <header
      class="w-full bg-slate-800 px-4 py-3 text-white shadow-md"
    >
      <div
        class="mx-auto flex max-w-7xl items-center justify-between"
      >
        <h1
          class="text-xl font-semibold"
        >
          <a
            href="/"
          >
            Gerenciador de Ordens
          </a>
        </h1>
        <div
          class="flex gap-2"
        >
          <button
            class="inline-flex items-center justify-center gap-2 whitespace-nowrap rounded-md text-sm font-medium transition-all disabled:pointer-events-none disabled:opacity-50 [&_svg]:pointer-events-none [&_svg:not([class*='size-'])]:size-4 shrink-0 [&_svg]:shrink-0 outline-none focus-visible:border-ring focus-visible:ring-ring/50 focus-visible:ring-[3px] aria-invalid:ring-destructive/20 dark:aria-invalid:ring-destructive/40 aria-invalid:border-destructive shadow-xs h-9 px-4 py-2 has-[>svg]:px-3 bg-white text-slate-800 hover:bg-slate-100"
            data-slot="button"
          >
            <a
              href="/create-order"
            >
              Criar nova ordem
            </a>
          </button>
        </div>
      </div>
    </header>
  </div>,
  "debug": [Function],
  "findAllByAltText": [Function],
  "findAllByDisplayValue": [Function],
  "findAllByLabelText": [Function],
  "findAllByPlaceholderText": [Function],
  "findAllByRole": [Function],
  "findAllByTestId": [Function],
  "findAllByText": [Function],
  "findAllByTitle": [Function],
  "findByAltText": [Function],
  "findByDisplayValue": [Function],
  "findByLabelText": [Function],
  "findByPlaceholderText": [Function],
  "findByRole": [Function],
  "findByTestId": [Function],
  "findByText": [Function],
  "findByTitle": [Function],
  "getAllByAltText": [Function],
  "getAllByDisplayValue": [Function],
  "getAllByLabelText": [Function],
  "getAllByPlaceholderText": [Function],
  "getAllByRole": [Function],
  "getAllByTestId": [Function],
  "getAllByText": [Function],
  "getAllByTitle": [Function],
  "getByAltText": [Function],
  "getByDisplayValue": [Function],
  "getByLabelText": [Function],
  "getByPlaceholderText": [Function],
  "getByRole": [Function],
  "getByTestId": [Function],
  "getByText": [Function],
  "getByTitle": [Function],
  "queryAllByAltText": [Function],
  "queryAllByDisplayValue": [Function],
  "queryAllByLabelText": [Function],
  "queryAllByPlaceholderText": [Function],
  "queryAllByRole": [Function],
  "queryAllByTestId": [Function],
  "queryAllByText": [Function],
  "queryAllByTitle": [Function],
  "queryByAltText": [Function],
  "queryByDisplayValue": [Function],
  "queryByLabelText": [Function],
  "queryByPlaceholderText": [Function],
  "queryByRole": [Function],
  "queryByTestId": [Function],
  "queryByText": [Function],
  "queryByTitle": [Function],
  "rerender": [Function],
  "unmount": [Function],
}
`;
